// Jest Snapshot v1, https://goo.gl/fbAQLP

exports[`page/NotFoundPage should render properly 1`] = `
.c0 {
  display: -webkit-box;
  display: -webkit-flex;
  display: -ms-flexbox;
  display: flex;
  -webkit-flex-direction: column;
  -ms-flex-direction: column;
  flex-direction: column;
  -webkit-align-items: center;
  -webkit-box-align: center;
  -ms-flex-align: center;
  align-items: center;
  height: 100%;
}

.c1 {
  font-size: 1.3rem;
}

<div>
  <main
    class="c0"
  >
    <h1>
      ¯\\_(ツ)_/¯
    </h1>
    <div
      class="c1"
    >
      404... 요청하신 페이지를 찾을 수 없습니다. 
    </div>
    <a
      href="/"
    >
      홈으로 돌아가기
    </a>
  </main>
</div>
`;
